###############################################################################
#
# IAR ELF Linker V9.30.1.335/W64 for ARM                  22/Dec/2022  00:21:23
# Copyright 2007-2022 IAR Systems AB.
#
#    Output file  =
#        E:\Introduction to Embedded\Project\Debug\Exe\Project_Team20.out
#    Map file     =
#        E:\Introduction to Embedded\Project\Debug\List\Project_Team20.map
#    Command line =
#        -f "E:\Introduction to
#        Embedded\Project\Debug\Exe\Project_Team20.out.rsp" ("E:\Introduction
#        to Embedded\Project\Debug\Obj\DIO.o" "E:\Introduction to
#        Embedded\Project\Debug\Obj\keypad.o" "E:\Introduction to
#        Embedded\Project\Debug\Obj\LCD.o" "E:\Introduction to
#        Embedded\Project\Debug\Obj\main.o" "E:\Introduction to
#        Embedded\Project\Debug\Obj\startup_ewarm.o" --no_out_extension -o
#        "E:\Introduction to Embedded\Project\Debug\Exe\Project_Team20.out"
#        --redirect _Printf=_PrintfFullNoMb --redirect _Scanf=_ScanfFullNoMb
#        --map "E:\Introduction to
#        Embedded\Project\Debug\List\Project_Team20.map" --config "C:\Program
#        Files\IAR Systems\Embedded Workbench
#        9.1\arm/config/linker/TexasInstruments/TM4C123GH6.icf" --semihosting
#        C:\ti\TivaWare_C_Series-2.2.0.295\driverlib\ewarm\Exe\driverlib.a
#        --entry __iar_program_start --vfe --text_out locale --cpu=Cortex-M4
#        --fpu=VFPv4_sp)
#
###############################################################################

*******************************************************************************
*** MESSAGES
***

Warning[Lt009]: Inconsistent wchar_t size
            interrupt.o(driverlib.a) and 3 other objects in driverlib.a have
                      wchar_t size 16 bits
            DIO.o and 17 other objects, some of them in dl7M_tln.a and 11 other
                      libraries have wchar_t size 32 bits


*******************************************************************************
*** RUNTIME MODEL ATTRIBUTES
***

CppFlavor       = *
__CPP_Runtime   = 1
__SystemLibrary = DLib
__dlib_version  = 6


*******************************************************************************
*** HEAP SELECTION
***

The basic heap was selected because --advanced_heap
was not specified and the application did not appear to
be primarily optimized for speed.


*******************************************************************************
*** PLACEMENT SUMMARY
***

"A0":  place at address 0x0 { ro section .intvec };
"P1":  place in [from 0x0 to 0x3'ffff] { ro };
define block CSTACK with size = 4K, alignment = 8 { };
define block HEAP with size = 8K, alignment = 8 { };
"P2":  place in [from 0x2000'0000 to 0x2000'7fff] {
          rw, block CSTACK, block HEAP };
do not initialize { rw section .noinit };
initialize by copy { rw };

  Section            Kind         Address    Size  Object
  -------            ----         -------    ----  ------
"A0":                                       0x26c
  .intvec            const            0x0   0x26c  startup_ewarm.o [1]
                                  - 0x26c   0x26c

"P1":                                      0x1f54
  .text              ro code        0x26c   0xcb8  main.o [1]
  .text              ro code        0xf24   0x144  keypad.o [1]
  .text              ro code       0x1068   0x13c  LCD.o [1]
  .text              ro code       0x11a4    0xb6  timer.o [3]
  .text              ro code       0x125a    0x3a  packbits_init_single.o [5]
  .text              ro code       0x1294   0x614  DIO.o [1]
  .text              ro code       0x18a8   0x1aa  DblMul.o [4]
  .text              ro code       0x1a54    0x22  S32ToDbl.o [4]
  .text              ro code       0x1a78   0x25e  DblAddSub.o [4]
  .text              ro code       0x1cd8    0x36  DblToS32.o [4]
  .text              ro code       0x1d10    0x34  DblCmpLe.o [4]
  .text              ro code       0x1d44   0x246  DblDiv.o [4]
  .text              ro code       0x1f8c    0x44  sysctl.o [3]
  .text              ro code       0x1fd0    0x74  interrupt.o [3]
  .text              ro code       0x2044    0x28  data_init.o [5]
  .text              ro code       0x206c    0x22  fpinit_M.o [4]
  .iar.init_table    const         0x2090    0x10  - Linker created -
  .text              ro code       0x20a0    0x1e  startup_ewarm.o [1]
  .text              ro code       0x20c0    0x1c  cstartup_M.o [5]
  .text              ro code       0x20dc    0x1e  cmain.o [5]
  .text              ro code       0x20fa     0x4  low_level_init.o [2]
  .text              ro code       0x20fe     0x4  exit.o [2]
  .text              ro code       0x2104     0xa  cexit.o [5]
  .text              ro code       0x2110    0x14  exit.o [6]
  .rodata            const         0x2124    0x14  main.o [1]
  .rodata            const         0x2138    0x10  main.o [1]
  .rodata            const         0x2148    0x10  main.o [1]
  .rodata            const         0x2158    0x10  main.o [1]
  .rodata            const         0x2168    0x10  main.o [1]
  .rodata            const         0x2178    0x10  main.o [1]
  .rodata            const         0x2188     0x8  main.o [1]
  .rodata            const         0x2190     0x8  main.o [1]
  .rodata            const         0x2198     0x8  main.o [1]
  .rodata            const         0x21a0     0x0  packbits_init_single.o [5]
  Initializer bytes  const         0x21a0    0x20  <for P2-1>
                                 - 0x21c0  0x1f54

"P2", part 1 of 2:                           0x43
  P2-1                        0x2000'0000    0x43  <Init block>
    .bss             inited   0x2000'0000     0x8  main.o [1]
    .bss             inited   0x2000'0008     0x8  main.o [1]
    .data            inited   0x2000'0010    0x10  keypad.o [1]
    .bss             inited   0x2000'0020     0x4  main.o [1]
    .bss             inited   0x2000'0024     0x2  main.o [1]
    .bss             inited   0x2000'0026     0x2  main.o [1]
    .bss             inited   0x2000'0028     0x2  main.o [1]
    .bss             inited   0x2000'002a     0x2  main.o [1]
    .bss             inited   0x2000'002c     0x2  main.o [1]
    .bss             inited   0x2000'002e     0x2  main.o [1]
    .bss             inited   0x2000'0030     0x2  main.o [1]
    .bss             inited   0x2000'0032     0x2  main.o [1]
    .bss             inited   0x2000'0034     0x2  main.o [1]
    .bss             inited   0x2000'0036     0x2  main.o [1]
    .data            inited   0x2000'0038     0x1  main.o [1]
    .data            inited   0x2000'0039     0x1  main.o [1]
    .data            inited   0x2000'003a     0x1  main.o [1]
    .data            inited   0x2000'003b     0x1  main.o [1]
    .data            inited   0x2000'003c     0x1  main.o [1]
    .data            inited   0x2000'003d     0x1  main.o [1]
    .data            inited   0x2000'003e     0x1  main.o [1]
    .data            inited   0x2000'003f     0x1  main.o [1]
    .bss             inited   0x2000'0040     0x1  main.o [1]
    .bss             inited   0x2000'0041     0x1  main.o [1]
    .bss             inited   0x2000'0042     0x1  main.o [1]
                            - 0x2000'0043    0x43

"P2", part 2 of 2:                          0x200
  .noinit            uninit   0x2000'0044   0x200  startup_ewarm.o [1]
                            - 0x2000'0244   0x200

Unused ranges:

         From           To      Size
         ----           --      ----
       0x21c0     0x3'ffff  0x3'de40
  0x2000'0043  0x2000'0043       0x1
  0x2000'0244  0x2000'7fff    0x7dbc


*******************************************************************************
*** INIT TABLE
***

          Address      Size
          -------      ----
Copy/packbits (__iar_packbits_init_single3)
    1 source range, total size 0x20 (47% of destination):
               0x21a0  0x20
    1 destination range, total size 0x43:
          0x2000'0000  0x43



*******************************************************************************
*** MODULE SUMMARY
***

    Module                  ro code  ro data  rw data
    ------                  -------  -------  -------
command line/config:
    -------------------------------------------------
    Total:

E:\Introduction to Embedded\Project\Debug\Obj: [1]
    DIO.o                     1'556
    LCD.o                       316
    keypad.o                    324        8       16
    main.o                    3'256      148       51
    startup_ewarm.o              30      620      512
    -------------------------------------------------
    Total:                    5'482      776      579

dl7M_tln.a: [2]
    exit.o                        4
    low_level_init.o              4
    -------------------------------------------------
    Total:                        8

driverlib.a: [3]
    interrupt.o                 116
    sysctl.o                     68
    timer.o                     182
    -------------------------------------------------
    Total:                      366

m7M_tls.a: [4]
    DblAddSub.o                 606
    DblCmpLe.o                   52
    DblDiv.o                    582
    DblMul.o                    426
    DblToS32.o                   54
    S32ToDbl.o                   34
    fpinit_M.o                   34
    -------------------------------------------------
    Total:                    1'788

rt7M_tl.a: [5]
    cexit.o                      10
    cmain.o                      30
    cstartup_M.o                 28
    data_init.o                  40
    packbits_init_single.o       58
    -------------------------------------------------
    Total:                      166

shb_l.a: [6]
    exit.o                       20
    -------------------------------------------------
    Total:                       20

    Gaps                         16        2
    Linker created                        16
-----------------------------------------------------
    Grand Total:              7'846      794      579


*******************************************************************************
*** ENTRY LIST
***

Entry                       Address   Size  Type      Object
-----                       -------   ----  ----      ------
.iar.init_table$$Base        0x2090          --   Gb  - Linker created -
.iar.init_table$$Limit       0x20a0          --   Gb  - Linker created -
?main                        0x20dd         Code  Gb  cmain.o [5]
Calc_Page                     0x48f  0x2f2  Code  Gb  main.o [1]
Calc_Page::calc_STATE   0x2000'003e    0x1  Data  Lc  main.o [1]
Calc_Page::index        0x2000'0041    0x1  Data  Lc  main.o [1]
Calc_Page::sign_hold    0x2000'0042    0x1  Data  Lc  main.o [1]
Calc_Page::take_in_hold
                        0x2000'003d    0x1  Data  Lc  main.o [1]
CharToNumber                  0xe65   0x52  Code  Gb  main.o [1]
DIO_Init                     0x12af  0x266  Code  Gb  DIO.o [1]
DIO_InterruptInit            0x16b3  0x10e  Code  Gb  DIO.o [1]
DIO_WritePin                 0x1515  0x126  Code  Gb  DIO.o [1]
DIO_WritePort                0x163b   0x3c  Code  Gb  DIO.o [1]
FaultISR                     0x20bb    0x2  Code  Lc  startup_ewarm.o [1]
INTERRUPT               0x2000'003a    0x1  Data  Gb  main.o [1]
ISR_PortaHandler              0x2db   0x90  Code  Gb  main.o [1]
ISR_PortfHandler              0x36b   0x6a  Code  Gb  main.o [1]
ISR_Timer0Handler             0x3d5   0x12  Code  Gb  main.o [1]
IntDefaultHandler            0x20bd    0x2  Code  Lc  startup_ewarm.o [1]
IntEnable                    0x1fd1   0x56  Code  Gb  interrupt.o [3]
Interrupt_init                0x3e7   0x4c  Code  Gb  main.o [1]
LCD_Char                     0x1119   0x68  Code  Gb  LCD.o [1]
LCD_Command                  0x1069   0x68  Code  Gb  LCD.o [1]
LCD_Init                     0x10d1   0x48  Code  Gb  LCD.o [1]
LCD_String                   0x1185   0x20  Code  Gb  LCD.o [1]
NmiSR                        0x20b9    0x2  Code  Lc  startup_ewarm.o [1]
PrintIntToLCD                 0xeb7   0x6e  Code  Gb  main.o [1]
PrintNow                      0xfe9   0x80  Code  Gb  keypad.o [1]
Region$$Table$$Base          0x2090          --   Gb  - Linker created -
Region$$Table$$Limit         0x20a0          --   Gb  - Linker created -
ResetISR                     0x20a1   0x12  Code  Gb  startup_ewarm.o [1]
STATE                   0x2000'0038    0x1  Data  Gb  main.o [1]
SW_Page                       0xb5f  0x1f6  Code  Gb  main.o [1]
SysCtlPeripheralEnable       0x1fad    0x8  Code  Gb  sysctl.o [3]
SysCtlPeripheralReady        0x1f8d    0x8  Code  Gb  sysctl.o [3]
SysHandler                    0x433    0xa  Code  Gb  main.o [1]
TimerConfigure               0x11bd   0x52  Code  Gb  timer.o [3]
TimerControlStall            0x1221   0x18  Code  Gb  timer.o [3]
TimerDisable                 0x11b1    0xc  Code  Gb  timer.o [3]
TimerEnable                  0x11a5    0xc  Code  Gb  timer.o [3]
TimerIntEnable               0x1249    0x4  Code  Gb  timer.o [3]
TimerLoadSet                 0x1239   0x10  Code  Gb  timer.o [3]
Timer_Page                    0x785  0x3da  Code  Gb  main.o [1]
Timer_Page::i           0x2000'0034    0x2  Data  Lc  main.o [1]
Timer_Page::input       0x2000'003f    0x1  Data  Lc  main.o [1]
Timer_Page::input_int   0x2000'0036    0x2  Data  Lc  main.o [1]
Welcome_Home                  0x43d   0x52  Code  Gb  main.o [1]
__aeabi_cdcmple              0x1d11         Code  Gb  DblCmpLe.o [4]
__aeabi_d2iz                 0x1cd9         Code  Gb  DblToS32.o [4]
__aeabi_dadd                 0x1a79         Code  Gb  DblAddSub.o [4]
__aeabi_ddiv                 0x1d45         Code  Gb  DblDiv.o [4]
__aeabi_dmul                 0x18a9         Code  Gb  DblMul.o [4]
__aeabi_dsub                 0x1bf5         Code  Gb  DblAddSub.o [4]
__aeabi_i2d                  0x1a55         Code  Gb  S32ToDbl.o [4]
__cmain                      0x20dd         Code  Gb  cmain.o [5]
__exit                       0x2111   0x14  Code  Gb  exit.o [6]
__iar_data_init3             0x2045   0x28  Code  Gb  data_init.o [5]
__iar_init_vfp               0x206d         Code  Gb  fpinit_M.o [4]
__iar_packbits_init_single3
                             0x125b   0x3a  Code  Gb  packbits_init_single.o [5]
__iar_program_start          0x20c1         Code  Gb  cstartup_M.o [5]
__low_level_init             0x20fb    0x4  Code  Gb  low_level_init.o [2]
__vector_table                  0x0  0x26c  Data  Gb  startup_ewarm.o [1]
_call_main                   0x20e9         Code  Gb  cmain.o [5]
_exit                        0x2105         Code  Gb  cexit.o [5]
change_state                  0xd55   0x5a  Code  Gb  main.o [1]
delay                        0x1295   0x1a  Code  Gb  DIO.o [1]
exit                         0x20ff    0x4  Code  Gb  exit.o [2]
g_pui32EnRegs                0x2030   0x14  Data  Lc  interrupt.o [3]
hold                    0x2000'0039    0x1  Data  Gb  main.o [1]
keypad_arr              0x2000'0010   0x10  Data  Gb  keypad.o [1]
keypad_init                   0xf25   0x54  Code  Gb  keypad.o [1]
keypad_read                   0xf79   0x6c  Code  Gb  keypad.o [1]
main                          0x26d   0x6e  Code  Gb  main.o [1]
pause                   0x2000'003b    0x1  Data  Gb  main.o [1]
pui32Stack              0x2000'0044  0x200  Data  Lc  startup_ewarm.o [1]
read_port                    0x1677   0x3c  Code  Gb  DIO.o [1]
stop_welcome            0x2000'0040    0x1  Data  Gb  main.o [1]
take_in_answer          0x2000'0020    0x4  Data  Gb  main.o [1]
take_in_x               0x2000'0000    0x8  Data  Gb  main.o [1]
take_in_y               0x2000'0008    0x8  Data  Gb  main.o [1]
ticked                  0x2000'003c    0x1  Data  Gb  main.o [1]
x0                      0x2000'0028    0x2  Data  Gb  main.o [1]
x0_t0                   0x2000'0030    0x2  Data  Gb  main.o [1]
x1                      0x2000'002a    0x2  Data  Gb  main.o [1]
x1_t0                   0x2000'0032    0x2  Data  Gb  main.o [1]
y0                      0x2000'0024    0x2  Data  Gb  main.o [1]
y0_t0                   0x2000'002c    0x2  Data  Gb  main.o [1]
y1                      0x2000'0026    0x2  Data  Gb  main.o [1]
y1_t0                   0x2000'002e    0x2  Data  Gb  main.o [1]


[1] = E:\Introduction to Embedded\Project\Debug\Obj
[2] = dl7M_tln.a
[3] = driverlib.a
[4] = m7M_tls.a
[5] = rt7M_tl.a
[6] = shb_l.a

  7'846 bytes of readonly  code memory
    794 bytes of readonly  data memory
    579 bytes of readwrite data memory

Errors: none
Warnings: 1
